%!Adobe-FontList 1.22
%Locale:0x409

%BeginFont
Handler:DirectoryHandler
FontType:TrueType
FontName:AGHelveticaBold
FamilyName:AG_Helvetica
StyleName:Bold
FullName:AG_Helvetica Bold
MenuName:AG_Helvetica
StyleBits:2
FamilyNameNative:AG_Helvetica
StyleNameNative:Bold
FullNameNative:AG_Helvetica Bold
WritingScript:Cyrillic
OutlineFileName:C:\Users\cirakas\Desktop\xd-product-website-v2\Font\AG_Helvetica Bold.ttf
DataFormat:sfntData
hasSVG:no
VariableFontType:NonVariableFont
FileLength:32672
FileModTime:1597810146
WeightClass:700
WidthClass:5
AngleClass:0
NameArray:0,Mac,4,AG_Helvetica Bold
NameArray:0,Win,1,AG_Helvetica
%EndFont

%BeginFont
Handler:DirectoryHandler
FontType:TrueType
FontName:Helvetica-Bold
FamilyName:Helvetica
StyleName:Bold
FullName:Helvetica‭ ‬עבה
MenuName:Helvetica
StyleBits:0
WritingScript:Roman
OutlineFileName:C:\Users\cirakas\Desktop\xd-product-website-v2\Font\Helvetica-Bold.ttf
DataFormat:sfntData
hasSVG:no
VariableFontType:NonVariableFont
FileLength:308628
FileModTime:1470400588
WeightClass:700
WidthClass:5
AngleClass:0
NameArray:0,Mac,18,Helvetica Bold
NameArray:0,Mac,4,Helvetica 
NameArray:0,Win,1,Helvetica
%EndFont

%BeginFont
Handler:DirectoryHandler
FontType:TrueType
FontName:Helvetica-BoldOblique
FamilyName:Helvetica
StyleName:Bold Oblique
FullName:Helvetica Bold Oblique
MenuName:Helvetica
StyleBits:1
WritingScript:Roman
OutlineFileName:C:\Users\cirakas\Desktop\xd-product-website-v2\Font\Helvetica-BoldOblique.ttf
DataFormat:sfntData
hasSVG:no
VariableFontType:NonVariableFont
FileLength:277080
FileModTime:1470400588
WeightClass:700
WidthClass:5
AngleClass:1
NameArray:0,Mac,18,Helvetica Bold Oblique
NameArray:0,Mac,4,Helvetica Bold Oblique
NameArray:0,Win,1,Helvetica
%EndFont

%BeginFont
Handler:DirectoryHandler
FontType:TrueType
FontName:Helvetica-Oblique
FamilyName:Helvetica
StyleName:Oblique
FullName:Helvetica Oblique
MenuName:Helvetica
StyleBits:1
WritingScript:Roman
OutlineFileName:C:\Users\cirakas\Desktop\xd-product-website-v2\Font\Helvetica-Oblique.ttf
DataFormat:sfntData
hasSVG:no
VariableFontType:NonVariableFont
FileLength:597564
FileModTime:1470400588
WeightClass:400
WidthClass:5
AngleClass:1
NameArray:0,Mac,18,Helvetica Oblique
NameArray:0,Mac,4,Helvetica Oblique
NameArray:0,Win,1,Helvetica
%EndFont

%BeginFont
Handler:DirectoryHandler
FontType:TrueType
FontName:Helvetica
FamilyName:Helvetica
StyleName:Regular
FullName:Helvetica Regular
MenuName:Helvetica
StyleBits:0
WritingScript:Roman
OutlineFileName:C:\Users\cirakas\Desktop\xd-product-website-v2\Font\Helvetica-Regular.ttf
DataFormat:sfntData
hasSVG:no
VariableFontType:NonVariableFont
FileLength:42312
FileModTime:1566374826
WeightClass:400
WidthClass:5
AngleClass:0
NameArray:0,Mac,4,Helvetica Regular
NameArray:0,Win,1,Helvetica
%EndFont

%BeginFont
Handler:DirectoryHandler
FontType:TrueType
FontName:Helvetica
FamilyName:Helvetica
StyleName:Regular
FullName:Helvetica
MenuName:Helvetica
StyleBits:0
WritingScript:Roman
OutlineFileName:C:\Users\cirakas\Desktop\xd-product-website-v2\Font\Helvetica.ttf
DataFormat:sfntData
hasSVG:no
VariableFontType:NonVariableFont
FileLength:317968
FileModTime:1470400588
WeightClass:400
WidthClass:5
AngleClass:0
NameArray:0,Mac,18,Helvetica
NameArray:0,Mac,4,Helvetica
NameArray:0,Win,1,Helvetica
%EndFont

%BeginFont
Handler:DirectoryHandler
FontType:TrueType
FontName:Roboto-Bold
FamilyName:Roboto
StyleName:Bold
FullName:Roboto Bold
MenuName:Roboto
StyleBits:2
WritingScript:Roman
OutlineFileName:C:\Users\cirakas\Desktop\xd-product-website-v2\Font\Roboto-Bold.ttf
DataFormat:sfntData
hasSVG:no
VariableFontType:NonVariableFont
FileLength:135820
FileModTime:1665050135
WeightClass:700
WidthClass:5
AngleClass:0
NameArray:0,Mac,18,Roboto Bold
NameArray:0,Mac,4,Roboto Bold
NameArray:0,Win,1,Roboto
%EndFont

%BeginFont
Handler:DirectoryHandler
FontType:TrueType
FontName:Roboto-Regular
FamilyName:Roboto
StyleName:Regular
FullName:Roboto Regular
MenuName:Roboto
StyleBits:0
WritingScript:Roman
OutlineFileName:C:\Users\cirakas\Desktop\xd-product-website-v2\Font\Roboto-Regular.ttf
DataFormat:sfntData
hasSVG:no
VariableFontType:NonVariableFont
FileLength:145348
FileModTime:1665050132
WeightClass:400
WidthClass:5
AngleClass:0
NameArray:0,Mac,18,Roboto Regular
NameArray:0,Mac,4,Roboto Regular
NameArray:0,Win,1,Roboto
%EndFont

%BeginFont
Handler:DirectoryHandler
FontType:Type1
FontName:Helvetica-Compressed
FamilyName:Helvetica Compressed
StyleName:Regular
FullName:Helvetica Compressed
MenuName:Helvetica Compressed
StyleBits:0
WritingScript:Roman
OutlineFileName:C:\Users\cirakas\Desktop\xd-product-website-v2\Font\helvetica-compressed-5871d14b6903a.otf
DataFormat:sfntData
UsesStandardEncoding:yes
isCFF:yes
hasSVG:no
VariableFontType:NonVariableFont
FileLength:24240
FileModTime:1551800800
WeightClass:500
WidthClass:5
AngleClass:0
NameArray:0,Mac,4,Helvetica Compressed
NameArray:0,Win,1,Helvetica Compressed
%EndFont

%BeginFont
Handler:DirectoryHandler
FontType:TrueType
FontName:Helvetica-Light
FamilyName:Helvetica Light
StyleName:Regular
FullName:Helvetica Light
MenuName:Helvetica Light
StyleBits:0
WritingScript:Roman
OutlineFileName:C:\Users\cirakas\Desktop\xd-product-website-v2\Font\helvetica-light-587ebe5a59211.ttf
DataFormat:sfntData
hasSVG:no
VariableFontType:NonVariableFont
FileLength:50583
FileModTime:1551685404
WeightClass:400
WidthClass:5
AngleClass:0
NameArray:0,Mac,4,Helvetica Light
NameArray:0,Win,1,Helvetica Light
%EndFont

%BeginFont
Handler:DirectoryHandler
FontType:Type1
FontName:HelveticaRounded-Bold
FamilyName:Helvetica Rounded
StyleName:Bold
FullName:Helvetica Rounded Bold
MenuName:Helvetica Rounded
StyleBits:2
WritingScript:Roman
OutlineFileName:C:\Users\cirakas\Desktop\xd-product-website-v2\Font\helvetica-rounded-bold-5871d05ead8de.otf
DataFormat:sfntData
UsesStandardEncoding:yes
isCFF:yes
hasSVG:no
VariableFontType:NonVariableFont
FileLength:31681
FileModTime:1551800800
WeightClass:700
WidthClass:5
AngleClass:0
NameArray:0,Mac,4,Helvetica Rounded Bold
NameArray:0,Win,1,Helvetica Rounded
%EndFont

